=== IP日志分析报告 ===

总日志条数: 10
唯一IP数量: 4
中国IP数量: 2
海外IP数量: 1

=== 中国IP省市分布 ===

省份分布:
  未知: 5 次访问

城市分布:
  未知: 5 次访问

=== 中国IP详细信息 ===
IP: 203.208.60.1
  省份: 未知
  城市: 未知
  坐标: 34.7732, 113.722
  访问次数: 3
  首次访问: 2025-10-16 10:30:20
  最后访问: 2025-10-16 10:31:00

IP: 114.114.114.114
  省份: 未知
  城市: 未知
  坐标: 34.7732, 113.722
  访问次数: 2
  首次访问: 2025-10-16 10:30:25
  最后访问: 2025-10-16 10:30:45

